
> reg-acc-google@1.0.0 dev
> ts-node ./src/main.ts

≡ƒÜÇ ~ file: index.ts ~ line 11 ~ chromePaths {
  chrome: 'C:\\Program Files\\Google\\Chrome\\Application\\chrome.exe',
  chromeCanary: 'C:\\Program Files (x86)\\Google\\Chrome SxS\\Application\\chrome.exe',
  chromium: 'C:\\Program Files (x86)\\Chromium\\Application\\chrome.exe'
}
Co context
≡ƒÜÇ ~ file: registerAdsAccount.ts ~ line 25 ~ task registerGoogleAccount
≡ƒÜÇ ~ file: registerAdsAccount.ts ~ line 25 ~ task loginGoogle
≡ƒÜÇ ~ file: registerAdsAccount.ts ~ line 25 ~ task registerTikTok
≡ƒÜÇ ~ file: registerTiktokAccount.ts ~ line 19 ~ account {
  id: 3692,
  name: 'B├╣i Do├ún H╞░ng',
  gmail: 'rightHere.Waitingforyou.lynbaek@gmail.com',
  pass: 'Ilovethingthatmakeyousmile,Lynnguyen',
  dateOfBirth: '5/2/2000',
  userAgent: 'Mozilla/5.0 (Windows NT 10.0; WOW64) AppleWebKit/537.36 (KHTML, like Gecko) Chrome/102.0.0.0 Safari/537.36',
  mailKP: 'miaooo.sl.ys.lyn.hyeon.lb@gmail.com',
  proxy: '',
  gender: '2',
  timezone: 'America/Los_Angeles',
  latitude: 34.0544,
  longitude: -118.2441,
  cookies: '',
  isLoginGmailGoogleSuccess: true,
  profilePath: 'F:\\Workspace\\reg acc google\\create-account\\profile',
  fingerprintSeed: 'bi don_516'
}
≡ƒÜÇ ~ file: registerTiktokAccount.ts ~ line 57 ~ check true
≡ƒÜÇ ~ file: registerTiktokAccount.ts ~ line 68 ~ check true
select date of birth tiktok
≡ƒÜÇ ~ file: registerTiktok.ts ~ line 159 ~ selectDOBTikTok ~ check true
≡ƒÜÇ ~ file: registerTiktokAccount.ts ~ line 73 ~ check true
Vuot qua capcha
≡ƒÜÇ ~ file: captChaSolver.ts ~ line 28 ~ solveCaptcha ~ target { position: 25 }
≡ƒÜÇ ~ file: captChaSolver.ts ~ line 33 ~ solveCaptcha ~ currentPosition 30
≡ƒÜÇ ~ file: captChaSolver.ts ~ line 28 ~ solveCaptcha ~ target { position: 30 }
≡ƒÜÇ ~ file: captChaSolver.ts ~ line 33 ~ solveCaptcha ~ currentPosition 35
≡ƒÜÇ ~ file: captChaSolver.ts ~ line 28 ~ solveCaptcha ~ target { position: 35 }
≡ƒÜÇ ~ file: captChaSolver.ts ~ line 33 ~ solveCaptcha ~ currentPosition 40
≡ƒÜÇ ~ file: captChaSolver.ts ~ line 28 ~ solveCaptcha ~ target { position: 40 }
≡ƒÜÇ ~ file: captChaSolver.ts ~ line 33 ~ solveCaptcha ~ currentPosition 45
≡ƒÜÇ ~ file: captChaSolver.ts ~ line 28 ~ solveCaptcha ~ target { position: 45 }
≡ƒÜÇ ~ file: captChaSolver.ts ~ line 33 ~ solveCaptcha ~ currentPosition 50
≡ƒÜÇ ~ file: captChaSolver.ts ~ line 28 ~ solveCaptcha ~ target { position: 50 }
≡ƒÜÇ ~ file: captChaSolver.ts ~ line 33 ~ solveCaptcha ~ currentPosition 55
≡ƒÜÇ ~ file: captChaSolver.ts ~ line 28 ~ solveCaptcha ~ target { position: 55 }
≡ƒÜÇ ~ file: captChaSolver.ts ~ line 33 ~ solveCaptcha ~ currentPosition 60
≡ƒÜÇ ~ file: captChaSolver.ts ~ line 28 ~ solveCaptcha ~ target { position: 60 }
≡ƒÜÇ ~ file: captChaSolver.ts ~ line 33 ~ solveCaptcha ~ currentPosition 65
≡ƒÜÇ ~ file: captChaSolver.ts ~ line 28 ~ solveCaptcha ~ target { position: 65 }
≡ƒÜÇ ~ file: captChaSolver.ts ~ line 33 ~ solveCaptcha ~ currentPosition 70
≡ƒÜÇ ~ file: captChaSolver.ts ~ line 28 ~ solveCaptcha ~ target { position: 70 }
≡ƒÜÇ ~ file: captChaSolver.ts ~ line 33 ~ solveCaptcha ~ currentPosition 75
≡ƒÜÇ ~ file: captChaSolver.ts ~ line 28 ~ solveCaptcha ~ target { position: 75 }
≡ƒÜÇ ~ file: captChaSolver.ts ~ line 33 ~ solveCaptcha ~ currentPosition 80
≡ƒÜÇ ~ file: captChaSolver.ts ~ line 28 ~ solveCaptcha ~ target { position: 80 }
≡ƒÜÇ ~ file: captChaSolver.ts ~ line 33 ~ solveCaptcha ~ currentPosition 85
≡ƒÜÇ ~ file: captChaSolver.ts ~ line 28 ~ solveCaptcha ~ target { position: 85 }
≡ƒÜÇ ~ file: captChaSolver.ts ~ line 33 ~ solveCaptcha ~ currentPosition 90
≡ƒÜÇ ~ file: captChaSolver.ts ~ line 28 ~ solveCaptcha ~ target { position: 90 }
≡ƒÜÇ ~ file: captChaSolver.ts ~ line 33 ~ solveCaptcha ~ currentPosition 95
≡ƒÜÇ ~ file: captChaSolver.ts ~ line 28 ~ solveCaptcha ~ target { position: 95 }
≡ƒÜÇ ~ file: captChaSolver.ts ~ line 33 ~ solveCaptcha ~ currentPosition 100
≡ƒÜÇ ~ file: captChaSolver.ts ~ line 28 ~ solveCaptcha ~ target { position: 100 }
≡ƒÜÇ ~ file: captChaSolver.ts ~ line 33 ~ solveCaptcha ~ currentPosition 105
≡ƒÜÇ ~ file: captChaSolver.ts ~ line 28 ~ solveCaptcha ~ target { position: 105 }
≡ƒÜÇ ~ file: captChaSolver.ts ~ line 33 ~ solveCaptcha ~ currentPosition 110
≡ƒÜÇ ~ file: captChaSolver.ts ~ line 28 ~ solveCaptcha ~ target { position: 110 }
≡ƒÜÇ ~ file: captChaSolver.ts ~ line 33 ~ solveCaptcha ~ currentPosition 115
≡ƒÜÇ ~ file: captChaSolver.ts ~ line 28 ~ solveCaptcha ~ target { position: 115 }
≡ƒÜÇ ~ file: captChaSolver.ts ~ line 33 ~ solveCaptcha ~ currentPosition 120
≡ƒÜÇ ~ file: captChaSolver.ts ~ line 28 ~ solveCaptcha ~ target { position: 120 }
≡ƒÜÇ ~ file: captChaSolver.ts ~ line 33 ~ solveCaptcha ~ currentPosition 125
≡ƒÜÇ ~ file: captChaSolver.ts ~ line 28 ~ solveCaptcha ~ target { position: 125 }
≡ƒÜÇ ~ file: captChaSolver.ts ~ line 33 ~ solveCaptcha ~ currentPosition 130
≡ƒÜÇ ~ file: captChaSolver.ts ~ line 28 ~ solveCaptcha ~ target { position: 130 }
≡ƒÜÇ ~ file: captChaSolver.ts ~ line 33 ~ solveCaptcha ~ currentPosition 135
≡ƒÜÇ ~ file: captChaSolver.ts ~ line 28 ~ solveCaptcha ~ target { position: 135 }
≡ƒÜÇ ~ file: captChaSolver.ts ~ line 33 ~ solveCaptcha ~ currentPosition 140
≡ƒÜÇ ~ file: captChaSolver.ts ~ line 28 ~ solveCaptcha ~ target { position: 140 }
≡ƒÜÇ ~ file: captChaSolver.ts ~ line 33 ~ solveCaptcha ~ currentPosition 145
≡ƒÜÇ ~ file: captChaSolver.ts ~ line 28 ~ solveCaptcha ~ target { position: 145 }
≡ƒÜÇ ~ file: captChaSolver.ts ~ line 33 ~ solveCaptcha ~ currentPosition 150
≡ƒÜÇ ~ file: captChaSolver.ts ~ line 28 ~ solveCaptcha ~ target { position: 150 }
≡ƒÜÇ ~ file: captChaSolver.ts ~ line 33 ~ solveCaptcha ~ currentPosition 155
≡ƒÜÇ ~ file: captChaSolver.ts ~ line 28 ~ solveCaptcha ~ target { position: 155 }
≡ƒÜÇ ~ file: captChaSolver.ts ~ line 33 ~ solveCaptcha ~ currentPosition 160
≡ƒÜÇ ~ file: captChaSolver.ts ~ line 28 ~ solveCaptcha ~ target { position: 160 }
≡ƒÜÇ ~ file: captChaSolver.ts ~ line 33 ~ solveCaptcha ~ currentPosition 165
≡ƒÜÇ ~ file: captChaSolver.ts ~ line 28 ~ solveCaptcha ~ target { position: 165 }
≡ƒÜÇ ~ file: captChaSolver.ts ~ line 33 ~ solveCaptcha ~ currentPosition 170
≡ƒÜÇ ~ file: captChaSolver.ts ~ line 28 ~ solveCaptcha ~ target { position: 170 }
≡ƒÜÇ ~ file: captChaSolver.ts ~ line 33 ~ solveCaptcha ~ currentPosition 175
≡ƒÜÇ ~ file: captChaSolver.ts ~ line 28 ~ solveCaptcha ~ target { position: 175 }
≡ƒÜÇ ~ file: captChaSolver.ts ~ line 33 ~ solveCaptcha ~ currentPosition 180
≡ƒÜÇ ~ file: captChaSolver.ts ~ line 28 ~ solveCaptcha ~ target { position: 180 }
≡ƒÜÇ ~ file: captChaSolver.ts ~ line 33 ~ solveCaptcha ~ currentPosition 185
≡ƒÜÇ ~ file: captChaSolver.ts ~ line 28 ~ solveCaptcha ~ target { position: 185 }
≡ƒÜÇ ~ file: captChaSolver.ts ~ line 33 ~ solveCaptcha ~ currentPosition 190
≡ƒÜÇ ~ file: captChaSolver.ts ~ line 28 ~ solveCaptcha ~ target { position: 190 }
≡ƒÜÇ ~ file: captChaSolver.ts ~ line 33 ~ solveCaptcha ~ currentPosition 195
≡ƒÜÇ ~ file: captChaSolver.ts ~ line 28 ~ solveCaptcha ~ target { position: 195 }
≡ƒÜÇ ~ file: captChaSolver.ts ~ line 33 ~ solveCaptcha ~ currentPosition 200
≡ƒÜÇ ~ file: captChaSolver.ts ~ line 28 ~ solveCaptcha ~ target { position: 200 }
≡ƒÜÇ ~ file: captChaSolver.ts ~ line 33 ~ solveCaptcha ~ currentPosition 205
≡ƒÜÇ ~ file: captChaSolver.ts ~ line 28 ~ solveCaptcha ~ target { position: 205 }
≡ƒÜÇ ~ file: captChaSolver.ts ~ line 33 ~ solveCaptcha ~ currentPosition 210
≡ƒÜÇ ~ file: captChaSolver.ts ~ line 28 ~ solveCaptcha ~ target { position: 210 }
≡ƒÜÇ ~ file: captChaSolver.ts ~ line 33 ~ solveCaptcha ~ currentPosition 215
≡ƒÜÇ ~ file: captChaSolver.ts ~ line 28 ~ solveCaptcha ~ target { position: 215 }
≡ƒÜÇ ~ file: captChaSolver.ts ~ line 33 ~ solveCaptcha ~ currentPosition 220
≡ƒÜÇ ~ file: captChaSolver.ts ~ line 28 ~ solveCaptcha ~ target { position: 220 }
≡ƒÜÇ ~ file: captChaSolver.ts ~ line 33 ~ solveCaptcha ~ currentPosition 225
≡ƒÜÇ ~ file: captChaSolver.ts ~ line 28 ~ solveCaptcha ~ target { position: 225 }
≡ƒÜÇ ~ file: captChaSolver.ts ~ line 33 ~ solveCaptcha ~ currentPosition 230
≡ƒÜÇ ~ file: captChaSolver.ts ~ line 28 ~ solveCaptcha ~ target { position: 230 }
≡ƒÜÇ ~ file: captChaSolver.ts ~ line 33 ~ solveCaptcha ~ currentPosition 235
≡ƒÜÇ ~ file: captChaSolver.ts ~ line 28 ~ solveCaptcha ~ target { position: 235 }
≡ƒÜÇ ~ file: captChaSolver.ts ~ line 33 ~ solveCaptcha ~ currentPosition 240
≡ƒÜÇ ~ file: captChaSolver.ts ~ line 28 ~ solveCaptcha ~ target { position: 240 }
≡ƒÜÇ ~ file: captChaSolver.ts ~ line 33 ~ solveCaptcha ~ currentPosition 245
≡ƒÜÇ ~ file: captChaSolver.ts ~ line 28 ~ solveCaptcha ~ target { position: 245 }
≡ƒÜÇ ~ file: captChaSolver.ts ~ line 33 ~ solveCaptcha ~ currentPosition 250
≡ƒÜÇ ~ file: captChaSolver.ts ~ line 28 ~ solveCaptcha ~ target { position: 250 }
≡ƒÜÇ ~ file: captChaSolver.ts ~ line 33 ~ solveCaptcha ~ currentPosition 255
≡ƒÜÇ ~ file: captChaSolver.ts ~ line 28 ~ solveCaptcha ~ target { position: 255 }
≡ƒÜÇ ~ file: captChaSolver.ts ~ line 33 ~ solveCaptcha ~ currentPosition 260
≡ƒÜÇ ~ file: captChaSolver.ts ~ line 28 ~ solveCaptcha ~ target { position: 260 }
≡ƒÜÇ ~ file: captChaSolver.ts ~ line 33 ~ solveCaptcha ~ currentPosition 265
≡ƒÜÇ ~ file: captChaSolver.ts ~ line 28 ~ solveCaptcha ~ target { position: 265 }
≡ƒÜÇ ~ file: captChaSolver.ts ~ line 33 ~ solveCaptcha ~ currentPosition 270
≡ƒÜÇ ~ file: captChaSolver.ts ~ line 28 ~ solveCaptcha ~ target { position: 270 }
≡ƒÜÇ ~ file: captChaSolver.ts ~ line 33 ~ solveCaptcha ~ currentPosition 275
≡ƒÜÇ ~ file: captChaSolver.ts ~ line 28 ~ solveCaptcha ~ target { position: 275 }
≡ƒÜÇ ~ file: captChaSolver.ts ~ line 33 ~ solveCaptcha ~ currentPosition 280
≡ƒÜÇ ~ file: captChaSolver.ts ~ line 28 ~ solveCaptcha ~ target { position: 280 }
≡ƒÜÇ ~ file: captChaSolver.ts ~ line 33 ~ solveCaptcha ~ currentPosition 285
≡ƒÜÇ ~ file: captChaSolver.ts ~ line 28 ~ solveCaptcha ~ target { position: 285 }
≡ƒÜÇ ~ file: captChaSolver.ts ~ line 33 ~ solveCaptcha ~ currentPosition 290
≡ƒÜÇ ~ file: captChaSolver.ts ~ line 28 ~ solveCaptcha ~ target { position: 290 }
≡ƒÜÇ ~ file: captChaSolver.ts ~ line 33 ~ solveCaptcha ~ currentPosition 295
≡ƒÜÇ ~ file: captChaSolver.ts ~ line 28 ~ solveCaptcha ~ target { position: 295 }
≡ƒÜÇ ~ file: captChaSolver.ts ~ line 33 ~ solveCaptcha ~ currentPosition 300
≡ƒÜÇ ~ file: captChaSolver.ts ~ line 28 ~ solveCaptcha ~ target { position: 300 }
≡ƒÜÇ ~ file: captChaSolver.ts ~ line 33 ~ solveCaptcha ~ currentPosition 305
≡ƒÜÇ ~ file: captChaSolver.ts ~ line 28 ~ solveCaptcha ~ target { position: 305 }
≡ƒÜÇ ~ file: captChaSolver.ts ~ line 33 ~ solveCaptcha ~ currentPosition 310
≡ƒÜÇ ~ file: captChaSolver.ts ~ line 28 ~ solveCaptcha ~ target { position: 25 }
≡ƒÜÇ ~ file: captChaSolver.ts ~ line 33 ~ solveCaptcha ~ currentPosition 30
≡ƒÜÇ ~ file: captChaSolver.ts ~ line 28 ~ solveCaptcha ~ target { position: 30 }
≡ƒÜÇ ~ file: captChaSolver.ts ~ line 33 ~ solveCaptcha ~ currentPosition 35
≡ƒÜÇ ~ file: captChaSolver.ts ~ line 28 ~ solveCaptcha ~ target { position: 35 }
≡ƒÜÇ ~ file: captChaSolver.ts ~ line 33 ~ solveCaptcha ~ currentPosition 40
≡ƒÜÇ ~ file: captChaSolver.ts ~ line 28 ~ solveCaptcha ~ target { position: 40 }
≡ƒÜÇ ~ file: captChaSolver.ts ~ line 33 ~ solveCaptcha ~ currentPosition 45
≡ƒÜÇ ~ file: captChaSolver.ts ~ line 28 ~ solveCaptcha ~ target { position: 45 }
≡ƒÜÇ ~ file: captChaSolver.ts ~ line 33 ~ solveCaptcha ~ currentPosition 50
≡ƒÜÇ ~ file: captChaSolver.ts ~ line 28 ~ solveCaptcha ~ target { position: 50 }
≡ƒÜÇ ~ file: captChaSolver.ts ~ line 33 ~ solveCaptcha ~ currentPosition 55
≡ƒÜÇ ~ file: captChaSolver.ts ~ line 28 ~ solveCaptcha ~ target { position: 55 }
≡ƒÜÇ ~ file: captChaSolver.ts ~ line 33 ~ solveCaptcha ~ currentPosition 60
≡ƒÜÇ ~ file: captChaSolver.ts ~ line 28 ~ solveCaptcha ~ target { position: 60 }
≡ƒÜÇ ~ file: captChaSolver.ts ~ line 33 ~ solveCaptcha ~ currentPosition 65
≡ƒÜÇ ~ file: captChaSolver.ts ~ line 28 ~ solveCaptcha ~ target { position: 65 }
≡ƒÜÇ ~ file: captChaSolver.ts ~ line 33 ~ solveCaptcha ~ currentPosition 70
≡ƒÜÇ ~ file: captChaSolver.ts ~ line 28 ~ solveCaptcha ~ target { position: 70 }
≡ƒÜÇ ~ file: captChaSolver.ts ~ line 33 ~ solveCaptcha ~ currentPosition 75
≡ƒÜÇ ~ file: captChaSolver.ts ~ line 28 ~ solveCaptcha ~ target { position: 75 }
≡ƒÜÇ ~ file: captChaSolver.ts ~ line 33 ~ solveCaptcha ~ currentPosition 80
≡ƒÜÇ ~ file: captChaSolver.ts ~ line 28 ~ solveCaptcha ~ target { position: 80 }
≡ƒÜÇ ~ file: captChaSolver.ts ~ line 33 ~ solveCaptcha ~ currentPosition 85
